// Jest Snapshot v1, https://goo.gl/fbAQLP

exports[`<PrimeraApp /> tests should show <PrimeraApp /> correctly 1`] = `
<Fragment>
  <h1>
    Hola Mundo
  </h1>
  <p>
    Subt√≠tulo
  </p>
</Fragment>
`;
